// Jest Snapshot v1, https://goo.gl/fbAQLP

exports[`componentDidMount 0 1`] = `undefined`;
