// Jest Snapshot v1, https://goo.gl/fbAQLP

exports[`renders correctly 1`] = `
<div>
  <div>
    <nav
      className="sidenav---sidenav---_2tBP sidenav---collapsed---LQDEv"
    >
      <button
        aria-expanded={false}
        className="sidenav---sidenav-toggle---1KRjR"
        disabled={false}
        onClick={[Function]}
        role="button"
      >
        <span
          className="sidenav---icon-bar---u1f02"
        />
        <span
          className="sidenav---icon-bar---u1f02"
        />
        <span
          className="sidenav---icon-bar---u1f02"
        />
      </button>
      <div
        className="sidenav---sidenav-nav---3tvij"
        role="menu"
      >
        <div
          className="sidenav---sidenav-navitem---uwIJ-"
          role="presentation"
        >
          <div
            className="sidenav---navitem---9uL5T"
            disabled={false}
            onClick={[Function]}
            role="menuitem"
            tabIndex="-1"
          >
            <div
              className="sidenav---navicon---3gCRo"
            >
              <svg
                aria-hidden="true"
                className="svg-inline--fa fa-home fa-w-18 "
                data-icon="home"
                data-prefix="fas"
                focusable="false"
                role="img"
                style={Object {}}
                viewBox="0 0 576 512"
                xmlns="http://www.w3.org/2000/svg"
              >
                <path
                  d="M280.37 148.26L96 300.11V464a16 16 0 0 0 16 16l112.06-.29a16 16 0 0 0 15.92-16V368a16 16 0 0 1 16-16h64a16 16 0 0 1 16 16v95.64a16 16 0 0 0 16 16.05L464 480a16 16 0 0 0 16-16V300L295.67 148.26a12.19 12.19 0 0 0-15.3 0zM571.6 251.47L488 182.56V44.05a12 12 0 0 0-12-12h-56a12 12 0 0 0-12 12v72.61L318.47 43a48 48 0 0 0-61 0L4.34 251.47a12 12 0 0 0-1.6 16.9l25.5 31A12 12 0 0 0 45.15 301l235.22-193.74a12.19 12.19 0 0 1 15.3 0L530.9 301a12 12 0 0 0 16.9-1.6l25.5-31a12 12 0 0 0-1.7-16.93z"
                  fill="currentColor"
                  style={Object {}}
                />
              </svg>
            </div>
            <div
              className="sidenav---navtext---1AE_f"
            >
              Home
            </div>
          </div>
        </div>
        <div
          className="sidenav---sidenav-navitem---uwIJ-"
          role="presentation"
        >
          <div
            className="sidenav---navitem---9uL5T"
            disabled={false}
            onClick={[Function]}
            role="menuitem"
            tabIndex="-1"
          >
            <div
              className="sidenav---navicon---3gCRo"
            >
              <svg
                aria-hidden="true"
                className="svg-inline--fa fa-tasks fa-w-16 "
                data-icon="tasks"
                data-prefix="fas"
                focusable="false"
                role="img"
                style={Object {}}
                viewBox="0 0 512 512"
                xmlns="http://www.w3.org/2000/svg"
              >
                <path
                  d="M139.61 35.5a12 12 0 0 0-17 0L58.93 98.81l-22.7-22.12a12 12 0 0 0-17 0L3.53 92.41a12 12 0 0 0 0 17l47.59 47.4a12.78 12.78 0 0 0 17.61 0l15.59-15.62L156.52 69a12.09 12.09 0 0 0 .09-17zm0 159.19a12 12 0 0 0-17 0l-63.68 63.72-22.7-22.1a12 12 0 0 0-17 0L3.53 252a12 12 0 0 0 0 17L51 316.5a12.77 12.77 0 0 0 17.6 0l15.7-15.69 72.2-72.22a12 12 0 0 0 .09-16.9zM64 368c-26.49 0-48.59 21.5-48.59 48S37.53 464 64 464a48 48 0 0 0 0-96zm432 16H208a16 16 0 0 0-16 16v32a16 16 0 0 0 16 16h288a16 16 0 0 0 16-16v-32a16 16 0 0 0-16-16zm0-320H208a16 16 0 0 0-16 16v32a16 16 0 0 0 16 16h288a16 16 0 0 0 16-16V80a16 16 0 0 0-16-16zm0 160H208a16 16 0 0 0-16 16v32a16 16 0 0 0 16 16h288a16 16 0 0 0 16-16v-32a16 16 0 0 0-16-16z"
                  fill="currentColor"
                  style={Object {}}
                />
              </svg>
            </div>
            <div
              className="sidenav---navtext---1AE_f"
            >
              Categories
            </div>
          </div>
        </div>
        <div
          className="sidenav---sidenav-navitem---uwIJ-"
          role="presentation"
        >
          <div
            className="sidenav---navitem---9uL5T"
            disabled={false}
            onClick={[Function]}
            role="menuitem"
            tabIndex="-1"
          >
            <div
              className="sidenav---navicon---3gCRo"
            >
              <svg
                aria-hidden="true"
                className="svg-inline--fa fa-cubes fa-w-16 "
                data-icon="cubes"
                data-prefix="fas"
                focusable="false"
                role="img"
                style={Object {}}
                viewBox="0 0 512 512"
                xmlns="http://www.w3.org/2000/svg"
              >
                <path
                  d="M488.6 250.2L392 214V105.5c0-15-9.3-28.4-23.4-33.7l-100-37.5c-8.1-3.1-17.1-3.1-25.3 0l-100 37.5c-14.1 5.3-23.4 18.7-23.4 33.7V214l-96.6 36.2C9.3 255.5 0 268.9 0 283.9V394c0 13.6 7.7 26.1 19.9 32.2l100 50c10.1 5.1 22.1 5.1 32.2 0l103.9-52 103.9 52c10.1 5.1 22.1 5.1 32.2 0l100-50c12.2-6.1 19.9-18.6 19.9-32.2V283.9c0-15-9.3-28.4-23.4-33.7zM358 214.8l-85 31.9v-68.2l85-37v73.3zM154 104.1l102-38.2 102 38.2v.6l-102 41.4-102-41.4v-.6zm84 291.1l-85 42.5v-79.1l85-38.8v75.4zm0-112l-102 41.4-102-41.4v-.6l102-38.2 102 38.2v.6zm240 112l-85 42.5v-79.1l85-38.8v75.4zm0-112l-102 41.4-102-41.4v-.6l102-38.2 102 38.2v.6z"
                  fill="currentColor"
                  style={Object {}}
                />
              </svg>
            </div>
            <div
              className="sidenav---navtext---1AE_f"
            >
              Leaderboard
            </div>
          </div>
        </div>
        <div
          className="sidenav---sidenav-navitem---uwIJ-"
          role="presentation"
        >
          <div
            className="sidenav---navitem---9uL5T"
            disabled={false}
            onClick={[Function]}
            role="menuitem"
            tabIndex="-1"
          >
            <div
              className="sidenav---navicon---3gCRo"
            >
              <svg
                aria-hidden="true"
                className="svg-inline--fa fa-user fa-w-14 "
                data-icon="user"
                data-prefix="fas"
                focusable="false"
                role="img"
                style={Object {}}
                viewBox="0 0 448 512"
                xmlns="http://www.w3.org/2000/svg"
              >
                <path
                  d="M224 256c70.7 0 128-57.3 128-128S294.7 0 224 0 96 57.3 96 128s57.3 128 128 128zm89.6 32h-16.7c-22.2 10.2-46.9 16-72.9 16s-50.6-5.8-72.9-16h-16.7C60.2 288 0 348.2 0 422.4V464c0 26.5 21.5 48 48 48h352c26.5 0 48-21.5 48-48v-41.6c0-74.2-60.2-134.4-134.4-134.4z"
                  fill="currentColor"
                  style={Object {}}
                />
              </svg>
            </div>
            <div
              className="sidenav---navtext---1AE_f"
            >
              Profile
            </div>
          </div>
        </div>
        <div
          className="sidenav---sidenav-navitem---uwIJ-"
          role="presentation"
        >
          <div
            className="sidenav---navitem---9uL5T"
            disabled={false}
            onClick={[Function]}
            role="menuitem"
            tabIndex="-1"
          >
            <div
              className="sidenav---navicon---3gCRo"
            >
              <svg
                aria-hidden="true"
                className="svg-inline--fa fa-play fa-w-14 "
                data-icon="play"
                data-prefix="fas"
                focusable="false"
                role="img"
                style={Object {}}
                viewBox="0 0 448 512"
                xmlns="http://www.w3.org/2000/svg"
              >
                <path
                  d="M424.4 214.7L72.4 6.6C43.8-10.3 0 6.1 0 47.9V464c0 37.5 40.7 60.1 72.4 41.3l352-208c31.4-18.5 31.5-64.1 0-82.6z"
                  fill="currentColor"
                  style={Object {}}
                />
              </svg>
            </div>
            <div
              className="sidenav---navtext---1AE_f"
            >
              Play
            </div>
          </div>
        </div>
        <div
          className="sidenav---sidenav-navitem---uwIJ-"
          role="presentation"
        >
          <div
            className="sidenav---navitem---9uL5T"
            disabled={false}
            onClick={[Function]}
            role="menuitem"
            tabIndex="-1"
          >
            <div
              className="sidenav---navicon---3gCRo"
            >
              <svg
                aria-hidden="true"
                className="svg-inline--fa fa-registered fa-w-16 "
                data-icon="registered"
                data-prefix="fas"
                focusable="false"
                role="img"
                style={Object {}}
                viewBox="0 0 512 512"
                xmlns="http://www.w3.org/2000/svg"
              >
                <path
                  d="M285.363 207.475c0 18.6-9.831 28.431-28.431 28.431h-29.876v-56.14h23.378c28.668 0 34.929 8.773 34.929 27.709zM504 256c0 136.967-111.033 248-248 248S8 392.967 8 256 119.033 8 256 8s248 111.033 248 248zM363.411 360.414c-46.729-84.825-43.299-78.636-44.702-80.98 23.432-15.172 37.945-42.979 37.945-74.486 0-54.244-31.5-89.252-105.498-89.252h-70.667c-13.255 0-24 10.745-24 24V372c0 13.255 10.745 24 24 24h22.567c13.255 0 24-10.745 24-24v-71.663h25.556l44.129 82.937a24.001 24.001 0 0 0 21.188 12.727h24.464c18.261-.001 29.829-19.591 21.018-35.587z"
                  fill="currentColor"
                  style={Object {}}
                />
              </svg>
            </div>
            <div
              className="sidenav---navtext---1AE_f"
            >
              Login
            </div>
          </div>
        </div>
      </div>
    </nav>
  </div>
</div>
`;
